
> ryan-rentfro-portfolio@0.0.0 test
> jest src/pages/DetailPages.test.tsx

FAIL src/pages/DetailPages.test.tsx
  Detail Pages
    ProjectDetail
      ✕ renders project content when found (24 ms)
    BlogDetail
      ✓ renders blog content when found (16 ms)

  ● Detail Pages › ProjectDetail › renders project content when found

    TypeError: Cannot read properties of undefined (reading 'filter')

      66 |   };
      67 |
    > 68 |   const relatedLeadership = project ? aboutContent.leadershipStrengths.filter(l => hasIntersection(l.relatedTags, project.tags)) : [];
         |                                                                        ^
      69 |   const relatedExpertise = project ? aboutContent.functionalExpertise.filter(e => hasIntersection(e.relatedTags, project.tags)) : [];
      70 |
      71 |   if (!project) {

      at filter (src/pages/ProjectDetail.tsx:68:72)
      at Object.react_stack_bottom_frame (node_modules/react-dom/cjs/react-dom-client.development.js:25904:20)
      at renderWithHooks (node_modules/react-dom/cjs/react-dom-client.development.js:7662:22)
      at updateFunctionComponent (node_modules/react-dom/cjs/react-dom-client.development.js:10166:19)
      at beginWork (node_modules/react-dom/cjs/react-dom-client.development.js:11778:18)
      at runWithFiberInDEV (node_modules/react-dom/cjs/react-dom-client.development.js:874:13)
      at performUnitOfWork (node_modules/react-dom/cjs/react-dom-client.development.js:17641:22)
      at workLoopSync (node_modules/react-dom/cjs/react-dom-client.development.js:17469:41)
      at renderRootSync (node_modules/react-dom/cjs/react-dom-client.development.js:17450:11)
      at performWorkOnRoot (node_modules/react-dom/cjs/react-dom-client.development.js:16583:35)
      at performWorkOnRootViaSchedulerTask (node_modules/react-dom/cjs/react-dom-client.development.js:18957:7)
      at flushActQueue (node_modules/react/cjs/react.development.js:590:34)
      at Object.<anonymous>.process.env.NODE_ENV.exports.act (node_modules/react/cjs/react.development.js:884:10)
      at node_modules/@testing-library/react/dist/act-compat.js:47:25
      at renderRoot (node_modules/@testing-library/react/dist/pure.js:180:26)
      at render (node_modules/@testing-library/react/dist/pure.js:271:10)
      at renderWithProviders (src/test/utils.tsx:49:30)
      at Object.<anonymous> (src/pages/DetailPages.test.tsx:30:32)

------------------------------|---------|----------|---------|---------|--------------------
File                          | % Stmts | % Branch | % Funcs | % Lines | Uncovered Line #s  
------------------------------|---------|----------|---------|---------|--------------------
All files                     |   11.69 |    15.53 |    5.97 |   12.32 |                    
 src                          |       0 |        0 |       0 |       0 |                    
  App.tsx                     |       0 |      100 |       0 |       0 | 1-133              
  config.ts                   |       0 |        0 |     100 |       0 | 1                  
 src/components               |       0 |      100 |       0 |       0 |                    
  WorkingStyleRadarChart.tsx  |       0 |      100 |       0 |       0 | 1-89               
 src/components/Layout        |       0 |        0 |       0 |       0 |                    
  Layout.tsx                  |       0 |      100 |       0 |       0 | 1-51               
  Navbar.tsx                  |       0 |        0 |       0 |       0 | 1-126              
 src/components/SEO           |     100 |    71.42 |     100 |     100 |                    
  SEO.tsx                     |     100 |    71.42 |     100 |     100 | 29-40              
 src/components/UI            |      36 |    33.33 |      25 |      36 |                    
  GlassCard.tsx               |      90 |    42.85 |     100 |      90 | 45                 
  LoadingScreen.tsx           |       0 |      100 |       0 |       0 | 1-22               
  RouteAnnouncer.tsx          |       0 |        0 |       0 |       0 | 1-35               
 src/components/Utils         |       0 |      100 |       0 |       0 |                    
  ScrollToTop.tsx             |       0 |      100 |       0 |       0 | 1-20               
 src/pages                    |    9.71 |     4.91 |    9.19 |    9.16 |                    
  About.tsx                   |       0 |        0 |       0 |       0 | 1-269              
  BetterMorale.tsx            |       0 |      100 |       0 |       0 | 1-84               
  Blog.tsx                    |       0 |      100 |       0 |       0 | 1-75               
  BlogDetail.tsx              |      70 |       40 |    62.5 |   70.37 | 19,27-33,60,96     
  CDCPipelines.tsx            |       0 |      100 |       0 |       0 | 1-88               
  CloudArchitecture.tsx       |       0 |      100 |       0 |       0 | 1-126              
  ComponentLibrary.tsx        |       0 |      100 |       0 |       0 | 1-88               
  Contact.tsx                 |       0 |        0 |       0 |       0 | 1-121              
  CultureOfMastery.tsx        |       0 |      100 |       0 |       0 | 1-105              
  DORAmetrics.tsx             |       0 |      100 |       0 |       0 | 1-98               
  DataDrivenUX.tsx            |       0 |      100 |       0 |       0 | 1-99               
  DataEngineering.tsx         |       0 |      100 |       0 |       0 | 1-107              
  DataMesh.tsx                |       0 |      100 |       0 |       0 | 1-92               
  DeepWork.tsx                |       0 |      100 |       0 |       0 | 1-75               
  DesignSystems.tsx           |       0 |      100 |       0 |       0 | 1-117              
  DesignTokens.tsx            |       0 |      100 |       0 |       0 | 1-91               
  EmpoweredTeams.tsx          |       0 |      100 |       0 |       0 | 1-107              
  EventSourcing.tsx           |       0 |      100 |       0 |       0 | 1-88               
  FasterDiscovery.tsx         |       0 |      100 |       0 |       0 | 1-92               
  Home.tsx                    |       0 |      100 |       0 |       0 | 1-112              
  ImmutableInfrastructure.tsx |       0 |      100 |       0 |       0 | 1-88               
  LogicOverEmotion.tsx        |       0 |      100 |       0 |       0 | 1-62               
  ModernFrontend.tsx          |       0 |      100 |       0 |       0 | 1-98               
  Observability.tsx           |       0 |      100 |       0 |       0 | 1-88               
  PlatformArchitecture.tsx    |       0 |      100 |       0 |       0 | 1-153              
  PolicyAsCode.tsx            |       0 |      100 |       0 |       0 | 1-88               
  ProductEngineering.tsx      |       0 |      100 |       0 |       0 | 1-136              
  ProductTrios.tsx            |       0 |      100 |       0 |       0 | 1-103              
  ProjectDetail.tsx           |   33.33 |     2.85 |   16.66 |   35.89 | 14-50,64-65,69-243 
  Projects.tsx                |       0 |        0 |       0 |       0 | 1-120              
  SharedUnderstanding.tsx     |       0 |      100 |       0 |       0 | 1-88               
  StrategicLeadership.tsx     |       0 |      100 |       0 |       0 | 1-134              
  SystemDocumentation.tsx     |       0 |      100 |       0 |       0 | 1-88               
  SystemsInfrastructure.tsx   |       0 |      100 |       0 |       0 | 1-88               
  TechnicalRFCs.tsx           |       0 |      100 |       0 |       0 | 1-92               
  WorkingStyle.tsx            |       0 |      100 |       0 |       0 | 1-116              
  WrittenCulture.tsx          |       0 |      100 |       0 |       0 | 1-64               
  ZeroTrust.tsx               |       0 |      100 |       0 |       0 | 1-91               
 src/store                    |    90.9 |      100 |      50 |    90.9 |                    
  contentSlice.ts             |    90.9 |      100 |      50 |    90.9 | 2574               
------------------------------|---------|----------|---------|---------|--------------------
Jest: "global" coverage threshold for statements (90%) not met: 11.69%
Jest: "global" coverage threshold for branches (90%) not met: 15.53%
Jest: "global" coverage threshold for lines (90%) not met: 12.32%
Jest: "global" coverage threshold for functions (90%) not met: 5.97%
Test Suites: 1 failed, 1 total
Tests:       1 failed, 1 passed, 2 total
Snapshots:   0 total
Time:        1.184 s
Ran all test suites matching /src\/pages\/DetailPages.test.tsx/i.
